edu\iu\npoojary\primesservice\controller\PrimesController.class
edu\iu\npoojary\primesservice\rabbitmq\MQSender.class
edu\iu\npoojary\primesservice\service\PrimesService.class
edu\iu\npoojary\primesservice\controller\HomeController.class
edu\iu\npoojary\primesservice\repository\AuthenticationFileRepository.class
edu\iu\npoojary\primesservice\security\Jwks.class
edu\iu\npoojary\primesservice\PrimesServiceApplication.class
edu\iu\npoojary\primesservice\repository\IAuthenticationRepository.class
edu\iu\npoojary\primesservice\service\TokenService.class
edu\iu\npoojary\primesservice\security\KeyGeneratorUtils.class
edu\iu\npoojary\primesservice\repository\AuthenticationDBRepository.class
edu\iu\npoojary\primesservice\service\IPrimesService.class
edu\iu\npoojary\primesservice\rabbitmq\MQConfiguration.class
edu\iu\npoojary\primesservice\service\AuthenticationService.class
edu\iu\npoojary\primesservice\service\IAuthenticationService.class
edu\iu\npoojary\primesservice\model\Customer.class
edu\iu\npoojary\primesservice\controller\AuthenticationController.class
edu\iu\npoojary\primesservice\security\SecurityConfig.class
