E:\IUB Assignments\Spring 24\Software Engineering\Class Activities\prime-services\src\main\java\edu\iu\npoojary\primesservice\rabbitmq\MQConfiguration.java
E:\IUB Assignments\Spring 24\Software Engineering\Class Activities\prime-services\src\main\java\edu\iu\npoojary\primesservice\security\Jwks.java
E:\IUB Assignments\Spring 24\Software Engineering\Class Activities\prime-services\src\main\java\edu\iu\npoojary\primesservice\controller\HomeController.java
E:\IUB Assignments\Spring 24\Software Engineering\Class Activities\prime-services\src\main\java\edu\iu\npoojary\primesservice\security\KeyGeneratorUtils.java
E:\IUB Assignments\Spring 24\Software Engineering\Class Activities\prime-services\src\main\java\edu\iu\npoojary\primesservice\PrimesServiceApplication.java
E:\IUB Assignments\Spring 24\Software Engineering\Class Activities\prime-services\src\main\java\edu\iu\npoojary\primesservice\rabbitmq\MQSender.java
E:\IUB Assignments\Spring 24\Software Engineering\Class Activities\prime-services\src\main\java\edu\iu\npoojary\primesservice\repository\AuthenticationDBRepository.java
E:\IUB Assignments\Spring 24\Software Engineering\Class Activities\prime-services\src\main\java\edu\iu\npoojary\primesservice\repository\IAuthenticationRepository.java
E:\IUB Assignments\Spring 24\Software Engineering\Class Activities\prime-services\src\main\java\edu\iu\npoojary\primesservice\repository\AuthenticationFileRepository.java
E:\IUB Assignments\Spring 24\Software Engineering\Class Activities\prime-services\src\main\java\edu\iu\npoojary\primesservice\controller\AuthenticationController.java
E:\IUB Assignments\Spring 24\Software Engineering\Class Activities\prime-services\src\main\java\edu\iu\npoojary\primesservice\controller\PrimesController.java
E:\IUB Assignments\Spring 24\Software Engineering\Class Activities\prime-services\src\main\java\edu\iu\npoojary\primesservice\service\AuthenticationService.java
E:\IUB Assignments\Spring 24\Software Engineering\Class Activities\prime-services\src\main\java\edu\iu\npoojary\primesservice\security\SecurityConfig.java
E:\IUB Assignments\Spring 24\Software Engineering\Class Activities\prime-services\src\main\java\edu\iu\npoojary\primesservice\service\PrimesService.java
E:\IUB Assignments\Spring 24\Software Engineering\Class Activities\prime-services\src\main\java\edu\iu\npoojary\primesservice\service\IPrimesService.java
E:\IUB Assignments\Spring 24\Software Engineering\Class Activities\prime-services\src\main\java\edu\iu\npoojary\primesservice\service\IAuthenticationService.java
E:\IUB Assignments\Spring 24\Software Engineering\Class Activities\prime-services\src\main\java\edu\iu\npoojary\primesservice\model\Customer.java
E:\IUB Assignments\Spring 24\Software Engineering\Class Activities\prime-services\src\main\java\edu\iu\npoojary\primesservice\service\TokenService.java
